<interactive>true</interactive>
<license-key></license-key>
<quick-option>
<skip-extra-supplemental-packs></skip-extra-supplemental-packs>
</quick-option>
<allow-dev-repo-cert>true</allow-dev-repo-cert>
<postinstall>
chroot /mnt/part2/dom0 sh -c "/sbin/setfiles /etc/selinux/xc_policy/contexts/files/file_contexts /config" 1>&2
</postinstall>
